Microchip Technology Inc, v1.61 (B)

Tool Name:
  c:\program files\microchip\xc16\v1.61\bin\bin\..\bin/elf-ld.exe

Command:
  -p24FJ1024GB610 \
  --mdfp=C:/Program Files/Microchip/MPLABX/v5.45/packs/Microchip/PIC24F-GA-GB_DFP/1.4.141/xc16 \
  -o \
  dist/default/production/SEP2_with_sd_card.X.production.elf \
  -Lc:/program files/microchip/xc16/v1.61/bin/bin/.. \
  -LC:/Program Files/Microchip/MPLABX/v5.45/packs/Microchip/PIC24F-GA-GB_DFP/1.4.141/xc16/bin/../support/PIC24F/gld \
  -Lc:/program files/microchip/xc16/v1.61/bin/bin/../../lib \
  -Lc:/program files/microchip/xc16/v1.61/bin/bin/../../support/PIC24E/gld \
  -Lc:/program files/microchip/xc16/v1.61/bin/bin/../../support/PIC24F/gld \
  -Lc:/program files/microchip/xc16/v1.61/bin/bin/../../support/PIC24H/gld \
  -Lc:/program files/microchip/xc16/v1.61/bin/bin/../../support/dsPIC30F/gld \
  -Lc:/program files/microchip/xc16/v1.61/bin/bin/../../support/dsPIC33C/gld \
  -Lc:/program files/microchip/xc16/v1.61/bin/bin/../../support/dsPIC33E/gld \
  -Lc:/program files/microchip/xc16/v1.61/bin/bin/../../support/dsPIC33F/gld \
  build/default/production/bsp/adc.o \
  build/default/production/bsp/buttons.o \
  build/default/production/bsp/leds.o \
  build/default/production/bsp/timer_1ms.o \
  build/default/production/drivers/lcd.o \
  build/default/production/drivers/mbr.o \
  build/default/production/drivers/sdcard.o \
  build/default/production/drivers/sdcard_cache.o \
  build/default/production/libs/fat16/fat16.o \
  build/default/production/libs/fat16/fat16_priv.o \
  build/default/production/libs/fat16/path.o \
  build/default/production/libs/fat16/rootdir.o \
  build/default/production/libs/fat16/subdir.o \
  build/default/production/periph/core_timer.o \
  build/default/production/periph/gpio.o \
  build/default/production/periph/io.o \
  build/default/production/periph/mcu.o \
  build/default/production/periph/rtcc.o \
  build/default/production/periph/spi.o \
  build/default/production/periph/timer.o \
  build/default/production/periph/timer1.o \
  build/default/production/periph/uart.o \
  build/default/production/periph/watchdog.o \
  build/default/production/utils.o \
  build/default/production/main.o \
  build/default/production/LIS3DH.o \
  build/default/production/i2c.o \
  --local-stack \
  --defsym=__MPLAB_BUILD=1 \
  -Tp24FJ1024GB610.gld.00 \
  --stack=16 \
  --check-sections \
  --data-init \
  --pack-data \
  --handles \
  --isr \
  --no-gc-sections \
  --fill-upper=0 \
  --stackguard=16 \
  --no-force-link \
  --smart-io \
  -Map=dist/default/production/SEP2_with_sd_card.X.production.map \
  --report-mem \
  --memorysummary \
  dist/default/production/memoryfile.xml \
  -start-group \
  --library=lega-pic30-elf \
  --library=m-elf \
  --library=lega-c-elf \
  -end-group \


Optional library libpPIC24Fxxx.a not found
Archive member included because of file (symbol)

c:/program files/microchip/xc16/v1.61/bin/bin/../../lib\liblega-pic30-elf.a(crt0_extended24.o)
                              (__resetPRI)
c:/program files/microchip/xc16/v1.61/bin/bin/../../lib\liblega-pic30-elf.a(data_init_24.o)
                              c:/program files/microchip/xc16/v1.61/bin/bin/../../lib\liblega-pic30-elf.a(crt0_extended24.o) (__data_init_da)
c:/program files/microchip/xc16/v1.61/bin/bin/../../lib\liblega-pic30-elf.a(crt_start_mode_normalda.Leo)
                              (__crt_start_mode_normal)
c:/program files/microchip/xc16/v1.61/bin/bin/../../lib\libm-elf.a(divsf3.daeo)
                              build/default/production/utils.o (___divsf3)
c:/program files/microchip/xc16/v1.61/bin/bin/../../lib\libm-elf.a(feqltle.daeo)
                              build/default/production/LIS3DH.o (___ltsf2)
c:/program files/microchip/xc16/v1.61/bin/bin/../../lib\libm-elf.a(fgtge.daeo)
                              build/default/production/utils.o (___gtsf2)
c:/program files/microchip/xc16/v1.61/bin/bin/../../lib\libm-elf.a(floatsisf.daeo)
                              build/default/production/LIS3DH.o (___floatsisf)
c:/program files/microchip/xc16/v1.61/bin/bin/../../lib\libm-elf.a(fpack.daeo)
                              c:/program files/microchip/xc16/v1.61/bin/bin/../../lib\libm-elf.a(divsf3.daeo) (__fpack)
c:/program files/microchip/xc16/v1.61/bin/bin/../../lib\libm-elf.a(funpack2.daeo)
                              c:/program files/microchip/xc16/v1.61/bin/bin/../../lib\libm-elf.a(divsf3.daeo) (__funpack2)
c:/program files/microchip/xc16/v1.61/bin/bin/../../lib\libm-elf.a(futil.daeo)
                              c:/program files/microchip/xc16/v1.61/bin/bin/../../lib\libm-elf.a(divsf3.daeo) (__fPropagateNaN)
c:/program files/microchip/xc16/v1.61/bin/bin/../../lib\libm-elf.a(udivsi3.daeo)
                              build/default/production/libs/fat16/fat16.o (___udivsi3)
[...]
Memory Configuration

Name             Origin             Length             Attributes
data             0x000800           0x008000           a !xr
FBOOT            0x801800           0x000002  
reset            0x000000           0x000004  
ivt              0x000004           0x0000fc  
program          0x000100           0x0abe00           xr
FSEC             0x0abf00           0x000002  
FBSLIM           0x0abf10           0x000002  
FSIGN            0x0abf14           0x000002  
FOSCSEL          0x0abf18           0x000002  
FOSC             0x0abf1c           0x000002  
FWDT             0x0abf20           0x000002  
FPOR             0x0abf24           0x000002  
FICD             0x0abf28           0x000002  
FDEVOPT1         0x0abf2c           0x000002  
*default*        0x000000           0xffffffff  

Linker script and memory map

LOAD build/default/production/bsp/adc.o
LOAD build/default/production/bsp/buttons.o
LOAD build/default/production/bsp/leds.o
LOAD build/default/production/bsp/timer_1ms.o
LOAD build/default/production/drivers/lcd.o
LOAD build/default/production/drivers/mbr.o
LOAD build/default/production/drivers/sdcard.o
LOAD build/default/production/drivers/sdcard_cache.o
LOAD build/default/production/libs/fat16/fat16.o
LOAD build/default/production/libs/fat16/fat16_priv.o
LOAD build/default/production/libs/fat16/path.o
LOAD build/default/production/libs/fat16/rootdir.o
LOAD build/default/production/libs/fat16/subdir.o
LOAD build/default/production/periph/core_timer.o
LOAD build/default/production/periph/gpio.o
LOAD build/default/production/periph/io.o
LOAD build/default/production/periph/mcu.o
LOAD build/default/production/periph/rtcc.o
LOAD build/default/production/periph/spi.o
LOAD build/default/production/periph/timer.o
LOAD build/default/production/periph/timer1.o
LOAD build/default/production/periph/uart.o
LOAD build/default/production/periph/watchdog.o
LOAD build/default/production/utils.o
LOAD build/default/production/main.o
LOAD build/default/production/LIS3DH.o
LOAD build/default/production/i2c.o
                    0x0001                  __MPLAB_BUILD = 0x1
LOAD pPIC24Fxxx
LOAD c:/program files/microchip/xc16/v1.61/bin/bin/../../lib\libfx-elf.a
                    0x801800                  __FBOOT = 0x801800
                    0xabf00                  __FSEC = 0xabf00
                    0xabf10                  __FBSLIM = 0xabf10
                    0xabf14                  __FSIGN = 0xabf14
                    0xabf18                  __FOSCSEL = 0xabf18
                    0xabf1c                  __FOSC = 0xabf1c
                    0xabf20                  __FWDT = 0xabf20
                    0xabf24                  __FPOR = 0xabf24
                    0xabf28                  __FICD = 0xabf28
                    0xabf2c                  __FDEVOPT1 = 0xabf2c
                    0x0100                  __CODE_BASE = 0x100
                    0xabe00                  __CODE_LENGTH = 0xabe00
                    0x0004                  __IVT_BASE = 0x4
                    0x0800                  __DATA_BASE = 0x800
                    0x8000                  __DATA_LENGTH = 0x8000

.reset            0x000000          0x4
                  0x000000          0x2 SHORT 0x100 ABSOLUTE (__reset)
                  0x000001          0x2 SHORT 0x4
                  0x000002          0x2 SHORT 0x0 ((ABSOLUTE (__reset) >> 0x10) & 0x7f)
                  0x000003          0x2 SHORT 0x0

.text             0x000100       0x2576
 *(.init)
 .init            0x000100         0x4c c:/program files/microchip/xc16/v1.61/bin/bin/../../lib\liblega-pic30-elf.a(crt0_extended24.o)
                  0x000100                  __resetPRI
                  0x000100                  __reset
                  0x00013c                  __psv_init
 .init            0x00014c         0xb8 c:/program files/microchip/xc16/v1.61/bin/bin/../../lib\liblega-pic30-elf.a(data_init_24.o)
                  0x000152                  __data_init
                  0x000152                  __data_init_da
 *(.user_init)
 *(.handle)
 .handle          0x000204         0x34 jump_table
 *(.isr*)
 .isr.text        0x000238         0x20 build/default/production/periph/mcu.o
                  0x000238                  __OscillatorFail
                  0x000240                  __AddressError
                  0x000248                  __StackError
                  0x000250                  __MathError
 .isr.text        0x000258         0x2e build/default/production/periph/rtcc.o
                  0x000258                  __RTCCInterrupt
 .isr.text        0x000286         0x88 build/default/production/periph/timer.o
                  0x000286                  __T2Interrupt
                  0x0002a8                  __T3Interrupt
                  0x0002ca                  __T4Interrupt
                  0x0002ec                  __T5Interrupt
 .isr.text        0x00030e         0x32 build/default/production/periph/timer1.o
                  0x00030e                  __T1Interrupt
 .isr             0x000340          0x4 default_isr
                  0x000340                  __DefaultInterrupt
 *(.libc)
 .libc            0x000344         0x12 c:/program files/microchip/xc16/v1.61/bin/bin/../../lib\liblega-pic30-elf.a(closeda.Leo)
                  0x000344                  _close
 .libc            0x000356         0x12 c:/program files/microchip/xc16/v1.61/bin/bin/../../lib\liblega-pic30-elf.a(removeda.Leo)
                  0x000356                  _remove
 .libc            0x000368         0x28 c:/program files/microchip/xc16/v1.61/bin/bin/../../lib\liblega-pic30-elf.a(sbrkda.Leo)
                  0x000368                  _sbrk
 .libc            0x000390         0x1a c:/program files/microchip/xc16/v1.61/bin/bin/../../lib\liblega-pic30-elf.a(brkda.Lelo)
                  0x000390                  _brk
 *(.libm)
 *(.libdsp)
 *(.lib*)
 .libc.write      0x0003aa         0x26 build/default/production/periph/io.o
                  0x0003aa                  _write
 .libpic30_crt_start_mode
                  0x0003d0          0x2 c:/program files/microchip/xc16/v1.61/bin/bin/../../lib\liblega-pic30-elf.a(crt_start_mode_normalda.Leo)
                  0x0003d0                  __crt_start_mode
                  0x0003d0                  __crt_start_mode_normal
 .libm.divfs3     0x0003d2         0x84 c:/program files/microchip/xc16/v1.61/bin/bin/../../lib\libm-elf.a(divsf3.daeo)
                  0x0003d2                  ___divsf3
 .libm.eqsf2      0x000456          0x4 c:/program files/microchip/xc16/v1.61/bin/bin/../../lib\libm-elf.a(feqltle.daeo)
                  0x000456                  ___eqsf2
                  0x000456                  ___ltsf2
                  0x000456                  ___lesf2
 .libm.gtsf2      0x00045a          0x4 c:/program files/microchip/xc16/v1.61/bin/bin/../../lib\libm-elf.a(fgtge.daeo)
                  0x00045a                  ___gesf2
                  0x00045a                  ___gtsf2
 .libm.floatsisf
                  0x00045e          0x6 c:/program files/microchip/xc16/v1.61/bin/bin/../../lib\libm-elf.a(floatsisf.daeo)
                  0x00045e                  ___floatsisf
 .libm.fpack      0x000464         0x4c c:/program files/microchip/xc16/v1.61/bin/bin/../../lib\libm-elf.a(fpack.daeo)
                  0x000464                  __fpack
 .libm.funpack2
                  0x0004b0         0x10 c:/program files/microchip/xc16/v1.61/bin/bin/../../lib\libm-elf.a(funpack2.daeo)
                  0x0004b0                  __funpack2
 .libm.fPropagateNaN
                  0x0004c0         0x12 c:/program files/microchip/xc16/v1.61/bin/bin/../../lib\libm-elf.a(futil.daeo)
                  0x0004c0                  __fPropagateNaN
 .libm.fbobExit
                  0x0004d2          0x8 c:/program files/microchip/xc16/v1.61/bin/bin/../../lib\libm-elf.a(futil.daeo)
                  0x0004d2                  __fbopExit
 .libm.fbopReturnNaN
                  0x0004da          0x6 c:/program files/microchip/xc16/v1.61/bin/bin/../../lib\libm-elf.a(futil.daeo)
                  0x0004da                  __fbopReturnNaN
 .libm.udivsi3    0x0004e0         0x20 c:/program files/microchip/xc16/v1.61/bin/bin/../../lib\libm-elf.a(udivsi3.daeo)
                  0x0004e0                  ___udivsi3
 .libm.umodsi3    0x000500          0x6 c:/program files/microchip/xc16/v1.61/bin/bin/../../lib\libm-elf.a(umodsi3.daeo)
                  0x000500                  ___umodsi3
 .libm.__PplusBdi
                  0x000506         0x26 c:/program files/microchip/xc16/v1.61/bin/bin/../../lib\libm-elf.a(divmoddi3.daeo)
 .libm.__PminusBdi
                  0x00052c         0x26 c:/program files/microchip/xc16/v1.61/bin/bin/../../lib\libm-elf.a(divmoddi3.daeo)
 .libm.__udivmoddi3
                  0x000552         0xe6 c:/program files/microchip/xc16/v1.61/bin/bin/../../lib\libm-elf.a(divmoddi3.daeo)
                  0x000552                  ___udivmoddi3
 .libm.__udivdi3
                  0x000638          0xe c:/program files/microchip/xc16/v1.61/bin/bin/../../lib\libm-elf.a(divmoddi3.daeo)
                  0x000638                  ___udivdi3
 .libm.__umoddi3
                  0x000646          0x8 c:/program files/microchip/xc16/v1.61/bin/bin/../../lib\libm-elf.a(divmoddi3.daeo)
                  0x000646                  ___umoddi3
 .libm.__divdi3
                  0x00064e         0x60 c:/program files/microchip/xc16/v1.61/bin/bin/../../lib\libm-elf.a(divmoddi3.daeo)
                  0x00064e                  ___divdi3
 .libm.__moddi3
                  0x0006ae         0x5c c:/program files/microchip/xc16/v1.61/bin/bin/../../lib\libm-elf.a(divmoddi3.daeo)
                  0x0006ae                  ___moddi3
 .libm.__muldi3
                  0x00070a         0x52 c:/program files/microchip/xc16/v1.61/bin/bin/../../lib\libm-elf.a(muldi3.daeo)
                  0x00070a                  ___muldi3
 .libm.fcompare
                  0x00075c         0x36 c:/program files/microchip/xc16/v1.61/bin/bin/../../lib\libm-elf.a(fcompare.daeo)
                  0x00075c                  __fcompare
 .libm.floatdisf
                  0x000792         0x20 c:/program files/microchip/xc16/v1.61/bin/bin/../../lib\libm-elf.a(floatdisf.daeo)
                  0x000792                  ___floatdisf
 .libm.floatundisf
                  0x0007b2         0x5e c:/program files/microchip/xc16/v1.61/bin/bin/../../lib\libm-elf.a(floatundisf.daeo)
                  0x0007b2                  ___floatundisf
 .libm.funpack    0x000810         0x2a c:/program files/microchip/xc16/v1.61/bin/bin/../../lib\libm-elf.a(funpack.daeo)
                  0x000810                  __funpack
 .libm.umuldi3    0x00083a         0x44 c:/program files/microchip/xc16/v1.61/bin/bin/../../lib\libm-elf.a(umuldi3.daeo)
                  0x00083a                  ___umuldi3
 .libc.memcmp     0x00087e         0x1c c:/program files/microchip/xc16/v1.61/bin/bin/../../lib\liblega-c-elf.a(memcmp.DA_eo)
                  0x00087e                  _memcmp
 .libc.memcpy     0x00089a          0xe c:/program files/microchip/xc16/v1.61/bin/bin/../../lib\liblega-c-elf.a(memcpy.DA_eo)
                  0x00089a                  _memcpy
 .libc.memset     0x0008a8          0xe c:/program files/microchip/xc16/v1.61/bin/bin/../../lib\liblega-c-elf.a(memset.DA_eo)
                  0x0008a8                  _memset
 .libc.putchar    0x0008b6          0x4 c:/program files/microchip/xc16/v1.61/bin/bin/../../lib\liblega-c-elf.a(putchar.DA_eo)
                  0x0008b6                  _putchar
 .libc.puts       0x0008ba         0x16 c:/program files/microchip/xc16/v1.61/bin/bin/../../lib\liblega-c-elf.a(puts.DA_eo)
                  0x0008ba                  _puts
 .libc.strlen     0x0008d0          0xc c:/program files/microchip/xc16/v1.61/bin/bin/../../lib\liblega-c-elf.a(strlen.DA_eo)
                  0x0008d0                  _strlen
 .libc.fputc      0x0008dc         0x4e c:/program files/microchip/xc16/v1.61/bin/bin/../../lib\liblega-c-elf.a(fputc.DA_elo)
                  0x0008dc                  _fputc
 .libc.eprout     0x00092a         0x1e c:/program files/microchip/xc16/v1.61/bin/bin/../../lib\liblega-c-elf.a(xprintf_cdnopuxX.DAeo)
                  0x00092a                  xprintf_cdnopuxX.DAeo:_eprout
 .libc.__ePrintf_cdnopuxX
                  0x000948        0x176 c:/program files/microchip/xc16/v1.61/bin/bin/../../lib\liblega-c-elf.a(xprintf_cdnopuxX.DAeo)
                  0x000948                  ___ePrintf_cdnopuxX
 .libc.__Printf_cdnopuxX
                  0x000abe          0xa c:/program files/microchip/xc16/v1.61/bin/bin/../../lib\liblega-c-elf.a(xprintf_cdnopuxX.DAeo)
 .libc.prout      0x000ac8         0x1c c:/program files/microchip/xc16/v1.61/bin/bin/../../lib\liblega-c-elf.a(printf_cdfFnopuxX.DAeo)
                  0x000ac8                  printf_cdfFnopuxX.DAeo:_prout
 .libc._printf_cdfFnopuxX
                  0x000ae4         0x10 c:/program files/microchip/xc16/v1.61/bin/bin/../../lib\liblega-c-elf.a(printf_cdfFnopuxX.DAeo)
                  0x000ae4                  __printf_fF
                  0x000ae4                  __printf_cdnopuxX
                  0x000ae4                  __printf_cdfFnopuxX
 .libc.eprout     0x000af4         0x1a c:/program files/microchip/xc16/v1.61/bin/bin/../../lib\liblega-c-elf.a(sprintf_cdfFnopsuxX.DAeo)
                  0x000af4                  sprintf_cdfFnopsuxX.DAeo:_eprout
 .libc.prout      0x000b0e          0xe c:/program files/microchip/xc16/v1.61/bin/bin/../../lib\liblega-c-elf.a(sprintf_cdfFnopsuxX.DAeo)
                  0x000b0e                  sprintf_cdfFnopsuxX.DAeo:_prout
 .libc._sprintf_cdfFnopsuxX
                  0x000b1c         0x20 c:/program files/microchip/xc16/v1.61/bin/bin/../../lib\liblega-c-elf.a(sprintf_cdfFnopsuxX.DAeo)
                  0x000b1c                  __sprintf_cdnopuxX
                  0x000b1c                  __sprintf_fFs
                  0x000b1c                  __sprintf_cdfFnopsuxX
 .libc.eprout     0x000b3c         0x1e c:/program files/microchip/xc16/v1.61/bin/bin/../../lib\liblega-c-elf.a(xprintf_cdfFnopsuxX.DAeo)
                  0x000b3c                  xprintf_cdfFnopsuxX.DAeo:_eprout
 .libc.__ePrintf_cdfFnopsuxX
                  0x000b5a        0x176 c:/program files/microchip/xc16/v1.61/bin/bin/../../lib\liblega-c-elf.a(xprintf_cdfFnopsuxX.DAeo)
                  0x000b5a                  ___ePrintf_cdfFnopsuxX
 .libc.__Printf_cdfFnopsuxX
                  0x000cd0          0xa c:/program files/microchip/xc16/v1.61/bin/bin/../../lib\liblega-c-elf.a(xprintf_cdfFnopsuxX.DAeo)
                  0x000cd0                  ___Printf_cdfFnopuxX
                  0x000cd0                  ___Printf_cdfFnopsuxX
                  0x000cd0                  ___Printf_cdnopuxX
                  0x000cd0                  ___Printf_fFs
                  0x000cd0                  ___Printf_fF
 .libc.__Putfld_cdfFnopsuxX
                  0x000cda        0x316 c:/program files/microchip/xc16/v1.61/bin/bin/../../lib\liblega-c-elf.a(xputfld_cdfFnopsuxX.DAeo)
                  0x000cda                  ___Putfld_fFs
                  0x000cda                  ___Putfld_cdnopuxX
                  0x000cda                  ___Putfld_cdfFnopuxX
                  0x000cda                  ___Putfld_cdfFnopsuxX
                  0x000cda                  ___Putfld_fF
 .libc.__Ldtob_cdfFnopsuxX
                  0x000ff0        0x250 c:/program files/microchip/xc16/v1.61/bin/bin/../../lib\liblega-c-elf.a(xldtob_cdfFnopsuxX.DAeo)
                  0x000ff0                  ___Ldtob_fFs
                  0x000ff0                  ___Ldtob_cdfFnopsuxX
                  0x000ff0                  ___Ldtob_fF
                  0x000ff0                  ___Ldtob_cdfFnopuxX
 .libc.__Genld_cdfFnopsuxX
                  0x001240        0x208 c:/program files/microchip/xc16/v1.61/bin/bin/../../lib\liblega-c-elf.a(xgenld_cdfFnopsuxX.DAeo)
                  0x001240                  ___Genld_fF
                  0x001240                  ___Genld_fFs
                  0x001240                  ___Genld_cdfFnopsuxX
                  0x001240                  ___Genld_cdfFnopuxX
 .libc.eprout     0x001448         0x1e c:/program files/microchip/xc16/v1.61/bin/bin/../../lib\liblega-c-elf.a(xprintf_fFs.DAeo)
                  0x001448                  xprintf_fFs.DAeo:_eprout
 .libc.__ePrintf_fFs
                  0x001466        0x176 c:/program files/microchip/xc16/v1.61/bin/bin/../../lib\liblega-c-elf.a(xprintf_fFs.DAeo)
                  0x001466                  ___ePrintf_fFs
 .libc.__Printf_fFs
                  0x0015dc          0xa c:/program files/microchip/xc16/v1.61/bin/bin/../../lib\liblega-c-elf.a(xprintf_fFs.DAeo)
 .libc.div        0x0015e6         0x16 c:/program files/microchip/xc16/v1.61/bin/bin/../../lib\liblega-c-elf.a(div.DA_eo)
                  0x0015e6                  _div
 .libc._DNKfflush
                  0x0015fc         0x76 c:/program files/microchip/xc16/v1.61/bin/bin/../../lib\liblega-c-elf.a(fflush.DA_eo)
                  0x0015fc                  __DNKfflush
 .libc.fputs      0x001672         0x90 c:/program files/microchip/xc16/v1.61/bin/bin/../../lib\liblega-c-elf.a(fputs.DA_eo)
                  0x001672                  _fputs
 .libc.fwrite     0x001702         0xa8 c:/program files/microchip/xc16/v1.61/bin/bin/../../lib\liblega-c-elf.a(fwrite.DA_eo)
                  0x001702                  _fwrite
 .libc.ldiv       0x0017aa         0x2a c:/program files/microchip/xc16/v1.61/bin/bin/../../lib\liblega-c-elf.a(ldiv.DA_eo)
                  0x0017aa                  _ldiv
 .libc.memchr     0x0017d4         0x14 c:/program files/microchip/xc16/v1.61/bin/bin/../../lib\liblega-c-elf.a(memchr.DA_eo)
                  0x0017d4                  _memchr
 .libc.strchr     0x0017e8         0x18 c:/program files/microchip/xc16/v1.61/bin/bin/../../lib\liblega-c-elf.a(strchr.DA_eo)
                  0x0017e8                  _strchr
 .libc.strrchr    0x001800         0x14 c:/program files/microchip/xc16/v1.61/bin/bin/../../lib\liblega-c-elf.a(strrchr.DA_eo)
                  0x001800                  _strrchr
 .libc._Fwprep    0x001814         0x8e c:/program files/microchip/xc16/v1.61/bin/bin/../../lib\liblega-c-elf.a(xfwprep.DA_eo)
                  0x001814                  __Fwprep
 .libc._LDunscale
                  0x0018a2         0x54 c:/program files/microchip/xc16/v1.61/bin/bin/../../lib\liblega-c-elf.a(xldunsca.DA_eo)
                  0x0018a2                  __LDunscale
 .libc._Litob     0x0018f6        0x25e c:/program files/microchip/xc16/v1.61/bin/bin/../../lib\liblega-c-elf.a(xlitob.DA_eo)
                  0x0018f6                  __Litob
 .libc._Puttxt    0x001b54        0x1b4 c:/program files/microchip/xc16/v1.61/bin/bin/../../lib\liblega-c-elf.a(xputtxt.DA_eo)
                  0x001b54                  __Puttxt
 .libc._Vacopy    0x001d08          0x4 c:/program files/microchip/xc16/v1.61/bin/bin/../../lib\liblega-c-elf.a(xvacopy.DA_eo)
                  0x001d08                  __Vacopy
 .libc.efwrite    0x001d0c         0xd8 c:/program files/microchip/xc16/v1.61/bin/bin/../../lib\liblega-c-elf.a(efwrite.DA_eo)
                  0x001d0c                  _efwrite
 .libc.closeallreg
                  0x001de4          0x4 c:/program files/microchip/xc16/v1.61/bin/bin/../../lib\liblega-c-elf.a(fclose.DA_elo)
 .libc._Closreg
                  0x001de8         0x12 c:/program files/microchip/xc16/v1.61/bin/bin/../../lib\liblega-c-elf.a(fclose.DA_elo)
                  0x001de8                  __Closreg
 .libc.fclose     0x001dfa         0x90 c:/program files/microchip/xc16/v1.61/bin/bin/../../lib\liblega-c-elf.a(fclose.DA_elo)
                  0x001dfa                  _fclose
 .libc.closeall
                  0x001e8a         0x20 c:/program files/microchip/xc16/v1.61/bin/bin/../../lib\liblega-c-elf.a(fclose.DA_elo)
                  0x001e8a                  fclose.DA_elo:_closeall
 .libc._Atexit    0x001eaa         0x18 c:/program files/microchip/xc16/v1.61/bin/bin/../../lib\liblega-c-elf.a(xatexit.DA_elo)
                  0x001eaa                  __Atexit
 .libc._Dnorm     0x001ec2         0x98 c:/program files/microchip/xc16/v1.61/bin/bin/../../lib\liblega-c-elf.a(xdnorm.DA_elo)
                  0x001ec2                  __Dnorm
 .libc.free       0x001f5a         0x64 c:/program files/microchip/xc16/v1.61/bin/bin/../../lib\liblega-c-elf.a(free.DA_eo)
                  0x001f5a                  _free
 .libc.findmem    0x001fbe         0x66 c:/program files/microchip/xc16/v1.61/bin/bin/../../lib\liblega-c-elf.a(malloc.DA_eo)
 .libc.malloc     0x002024         0x54 c:/program files/microchip/xc16/v1.61/bin/bin/../../lib\liblega-c-elf.a(malloc.DA_eo)
                  0x002024                  _malloc
 .libc._Getmem    0x002078         0x14 c:/program files/microchip/xc16/v1.61/bin/bin/../../lib\liblega-c-elf.a(xgetmem.DA_eo)
                  0x002078                  __Getmem
 .libc.doclose    0x00208c          0x4 c:/program files/microchip/xc16/v1.61/bin/bin/../../lib\liblega-pic30-elf.a(closeda.Leo)
 .libc.doremove
                  0x002090          0x4 c:/program files/microchip/xc16/v1.61/bin/bin/../../lib\liblega-pic30-elf.a(removeda.Leo)
 .libc.memcpy_eds
                  0x002094         0x52 c:/program files/microchip/xc16/v1.61/bin/bin/../../lib\liblega-pic30-elf.a(memcpy_edsda.Leo)
                  0x002094                  __memcpy_eds_3
                  0x002094                  __memcpy_eds
 .libc._memchr_eds
                  0x0020e6         0x36 c:/program files/microchip/xc16/v1.61/bin/bin/../../lib\liblega-pic30-elf.a(memchr_edsda.Leo)
                  0x0020e6                  __memchr_eds
 .libm.eqdf2      0x00211c          0xa c:/program files/microchip/xc16/v1.61/bin/bin/../../lib\libm-elf.a(deqltle.daeo)
                  0x00211c                  ___eqdf2
                  0x00211c                  ___ltdf2
                  0x00211c                  ___ledf2
 .libm.gtdf2      0x002126          0xa c:/program files/microchip/xc16/v1.61/bin/bin/../../lib\libm-elf.a(dgtge.daeo)
                  0x002126                  ___gtdf2
                  0x002126                  ___gedf2
 .libm.divdf3     0x002130         0xb4 c:/program files/microchip/xc16/v1.61/bin/bin/../../lib\libm-elf.a(divdf3.daeo)
                  0x002130                  ___divdf3
 .libm.divsi3     0x0021e4         0x1e c:/program files/microchip/xc16/v1.61/bin/bin/../../lib\libm-elf.a(divsi3.daeo)
                  0x0021e4                  ___divsi3
 .libm.dpack      0x002202         0x58 c:/program files/microchip/xc16/v1.61/bin/bin/../../lib\libm-elf.a(dpack.daeo)
                  0x002202                  __dpack
 .libm.dunpack2
                  0x00225a         0x32 c:/program files/microchip/xc16/v1.61/bin/bin/../../lib\libm-elf.a(dunpack2.daeo)
                  0x00225a                  __dunpack2
                  0x00227c                  __dreturnNaN
                  0x002282                  __dunpack2exit
 .libm.extendsfdf2
                  0x00228c         0x3e c:/program files/microchip/xc16/v1.61/bin/bin/../../lib\libm-elf.a(extendsfdf.daeo)
                  0x00228c                  ___extendsfdf2
 .libm.fixdfsi    0x0022ca         0x58 c:/program files/microchip/xc16/v1.61/bin/bin/../../lib\libm-elf.a(fixdfsi.daeo)
                  0x0022ca                  _(float, int, long long, double, float, short, int)
 .libm.floatsidf
                  0x002322          0x6 c:/program files/microchip/xc16/v1.61/bin/bin/../../lib\libm-elf.a(floatsidf.daeo)
                  0x002322                  ___floatsidf
 .libm.muldf3     0x002328         0xec c:/program files/microchip/xc16/v1.61/bin/bin/../../lib\libm-elf.a(muldf3.daeo)
                  0x002328                  ___muldf3
 .libm.subdf3     0x002414          0x4 c:/program files/microchip/xc16/v1.61/bin/bin/../../lib\libm-elf.a(subdf3.daeo)
                  0x002414                  ___subdf3
 .libm.mulsi3     0x002418          0xc c:/program files/microchip/xc16/v1.61/bin/bin/../../lib\libm-elf.a(mulsi3.daeo)
                  0x002418                  ___mulp32peds3
                  0x002418                  ___mulsi3
                  0x002418                  ___mulp32eds3
 .libm.adddf3     0x002424         0xfc c:/program files/microchip/xc16/v1.61/bin/bin/../../lib\libm-elf.a(adddf3.daeo)
                  0x002424                  ___adddf3
 .libm.dcompare
                  0x002520         0x52 c:/program files/microchip/xc16/v1.61/bin/bin/../../lib\libm-elf.a(dcompare.daeo)
                  0x002520                  __dcompare
 .libm.dPropagateNaN
                  0x002572         0x1c c:/program files/microchip/xc16/v1.61/bin/bin/../../lib\libm-elf.a(dpropagateNaN.daeo)
                  0x002572                  __dPropagateNaN
 .libm.dtype      0x00258e         0x24 c:/program files/microchip/xc16/v1.61/bin/bin/../../lib\libm-elf.a(dtype.daeo)
                  0x00258e                  __dtype
 .libm.dunpack    0x0025b2         0x4e c:/program files/microchip/xc16/v1.61/bin/bin/../../lib\libm-elf.a(dunpack.daeo)
                  0x0025b2                  __dunpack
 .libm.floatdidf
                  0x002600         0x20 c:/program files/microchip/xc16/v1.61/bin/bin/../../lib\libm-elf.a(floatdidf.daeo)
                  0x002600                  ___floatdidf
 .libm.floatundidf
                  0x002620         0x56 c:/program files/microchip/xc16/v1.61/bin/bin/../../lib\libm-elf.a(floatundidf.daeo)
                  0x002620                  ___floatundidf

usercode
 *(usercode)

__FBOOT
 *(__FBOOT.sec*)

__FSEC            0x0abf00          0x2
 *(__FSEC.sec*)
 __FSEC.sec       0x0abf00          0x2 /CW/_FSEC
                  0x0abf00                  __FSEC.sec

__FBSLIM
 *(__FBSLIM.sec*)

__FSIGN
 *(__FSIGN.sec*)

__FOSCSEL
 *(__FOSCSEL.sec*)

__FOSC
 *(__FOSC.sec*)

__FWDT
 *(__FWDT.sec*)

__FPOR
 *(__FPOR.sec*)

__FICD
 *(__FICD.sec*)

__FDEVOPT1
 *(__FDEVOPT1.sec*)

.comment          0x000000         0x5e
 *(.comment)
 .comment         0x000000         0x5e c:/program files/microchip/xc16/v1.61/bin/bin/../../lib\liblega-c-elf.a(xfiles.DA_eo)

.debug_info       0x000000       0xca17
 *(.debug_info)
 .debug_info      0x000000        0xb9e build/default/production/bsp/adc.o
 .debug_info      0x000b9e        0x979 build/default/production/bsp/buttons.o
 .debug_info      0x001517        0x511 build/default/production/bsp/leds.o
 .debug_info      0x001a28        0x8be build/default/production/bsp/timer_1ms.o
 .debug_info      0x0022e6        0xcfa build/default/production/drivers/lcd.o
 .debug_info      0x002fe0        0x363 build/default/production/drivers/mbr.o
 .debug_info      0x003343        0x8e4 build/default/production/drivers/sdcard.o
 .debug_info      0x003c27        0x5d3 build/default/production/drivers/sdcard_cache.o
 .debug_info      0x0041fa        0xb22 build/default/production/libs/fat16/fat16.o
 .debug_info      0x004d1c        0xaea build/default/production/libs/fat16/fat16_priv.o
 .debug_info      0x005806        0x30b build/default/production/libs/fat16/path.o
 .debug_info      0x005b11        0xab7 build/default/production/libs/fat16/rootdir.o
 .debug_info      0x0065c8        0xc11 build/default/production/libs/fat16/subdir.o
 .debug_info      0x0071d9        0x1a2 build/default/production/periph/core_timer.o
 .debug_info      0x00737b        0x788 build/default/production/periph/gpio.o
 .debug_info      0x007b03        0x1c5 build/default/production/periph/io.o
 .debug_info      0x007cc8        0x5eb build/default/production/periph/mcu.o
 .debug_info      0x0082b3        0xbc1 build/default/production/periph/rtcc.o
 .debug_info      0x008e74        0x590 build/default/production/periph/spi.o
 .debug_info      0x009404        0x6eb build/default/production/periph/timer.o
 .debug_info      0x009aef        0x321 build/default/production/periph/timer1.o
 .debug_info      0x009e10        0x600 build/default/production/periph/uart.o
 .debug_info      0x00a410        0x1c5 build/default/production/periph/watchdog.o
 .debug_info      0x00a5d5        0x39f build/default/production/utils.o
 .debug_info      0x00a974        0xfea build/default/production/main.o
 .debug_info      0x00b95e        0x326 build/default/production/LIS3DH.o
 .debug_info      0x00bc84        0xd93 build/default/production/i2c.o
 *(.gnu.linkonce.wi.*)

.debug_abbrev     0x000000       0x1f35
 *(.debug_abbrev)
 .debug_abbrev    0x000000        0x10c build/default/production/bsp/adc.o
 .debug_abbrev    0x00010c         0xf4 build/default/production/bsp/buttons.o
 .debug_abbrev    0x000200         0xf0 build/default/production/bsp/leds.o
 .debug_abbrev    0x0002f0        0x1ba build/default/production/bsp/timer_1ms.o
 .debug_abbrev    0x0004aa        0x189 build/default/production/drivers/lcd.o
 .debug_abbrev    0x000633         0xdc build/default/production/drivers/mbr.o
 .debug_abbrev    0x00070f        0x1d1 build/default/production/drivers/sdcard.o
 .debug_abbrev    0x0008e0        0x11d build/default/production/drivers/sdcard_cache.o
 .debug_abbrev    0x0009fd        0x1a8 build/default/production/libs/fat16/fat16.o
 .debug_abbrev    0x000ba5        0x192 build/default/production/libs/fat16/fat16_priv.o
 .debug_abbrev    0x000d37         0xb8 build/default/production/libs/fat16/path.o
 .debug_abbrev    0x000def        0x1ad build/default/production/libs/fat16/rootdir.o
 .debug_abbrev    0x000f9c        0x1bc build/default/production/libs/fat16/subdir.o
 .debug_abbrev    0x001158         0x67 build/default/production/periph/core_timer.o
 .debug_abbrev    0x0011bf         0xaa build/default/production/periph/gpio.o
 .debug_abbrev    0x001269         0x66 build/default/production/periph/io.o
 .debug_abbrev    0x0012cf        0x13e build/default/production/periph/mcu.o
 .debug_abbrev    0x00140d        0x1cb build/default/production/periph/rtcc.o
 .debug_abbrev    0x0015d8        0x10e build/default/production/periph/spi.o
 .debug_abbrev    0x0016e6        0x114 build/default/production/periph/timer.o
 .debug_abbrev    0x0017fa         0x90 build/default/production/periph/timer1.o
 .debug_abbrev    0x00188a         0xef build/default/production/periph/uart.o
 .debug_abbrev    0x001979         0x59 build/default/production/periph/watchdog.o
 .debug_abbrev    0x0019d2         0xd9 build/default/production/utils.o
 .debug_abbrev    0x001aab        0x1dc build/default/production/main.o
 .debug_abbrev    0x001c87        0x115 build/default/production/LIS3DH.o
 .debug_abbrev    0x001d9c        0x199 build/default/production/i2c.o

.debug_line       0x000000       0x246e
 *(.debug_line)
 .debug_line      0x000000        0x14b build/default/production/bsp/adc.o
 .debug_line      0x00014b        0x140 build/default/production/bsp/buttons.o
 .debug_line      0x00028b        0x1ae build/default/production/bsp/leds.o
 .debug_line      0x000439        0x159 build/default/production/bsp/timer_1ms.o
 .debug_line      0x000592        0x1bc build/default/production/drivers/lcd.o
 .debug_line      0x00074e         0xc3 build/default/production/drivers/mbr.o
 .debug_line      0x000811        0x1b4 build/default/production/drivers/sdcard.o
 .debug_line      0x0009c5        0x13d build/default/production/drivers/sdcard_cache.o
 .debug_line      0x000b02        0x1de build/default/production/libs/fat16/fat16.o
 .debug_line      0x000ce0        0x160 build/default/production/libs/fat16/fat16_priv.o
 .debug_line      0x000e40         0xf2 build/default/production/libs/fat16/path.o
 .debug_line      0x000f32        0x15b build/default/production/libs/fat16/rootdir.o
 .debug_line      0x00108d        0x18d build/default/production/libs/fat16/subdir.o
 .debug_line      0x00121a         0x94 build/default/production/periph/core_timer.o
 .debug_line      0x0012ae        0x1b8 build/default/production/periph/gpio.o
 .debug_line      0x001466         0x4f build/default/production/periph/io.o
 .debug_line      0x0014b5        0x167 build/default/production/periph/mcu.o
 .debug_line      0x00161c        0x1da build/default/production/periph/rtcc.o
 .debug_line      0x0017f6        0x23b build/default/production/periph/spi.o
 .debug_line      0x001a31        0x1dc build/default/production/periph/timer.o
 .debug_line      0x001c0d        0x138 build/default/production/periph/timer1.o
 .debug_line      0x001d45        0x18c build/default/production/periph/uart.o
 .debug_line      0x001ed1        0x117 build/default/production/periph/watchdog.o
 .debug_line      0x001fe8         0xdb build/default/production/utils.o
 .debug_line      0x0020c3        0x18c build/default/production/main.o
 .debug_line      0x00224f         0xbb build/default/production/LIS3DH.o
 .debug_line      0x00230a        0x164 build/default/production/i2c.o

.debug_frame      0x000000       0x1912
 *(.debug_frame)
 .debug_frame     0x000000         0x7c build/default/production/bsp/adc.o
 .debug_frame     0x00007c         0x48 build/default/production/bsp/buttons.o
 .debug_frame     0x0000c4         0x96 build/default/production/bsp/leds.o
 .debug_frame     0x00015a         0x7c build/default/production/bsp/timer_1ms.o
 .debug_frame     0x0001d6        0x1aa build/default/production/drivers/lcd.o
 .debug_frame     0x000380         0x62 build/default/production/drivers/mbr.o
 .debug_frame     0x0003e2         0xca build/default/production/drivers/sdcard.o
 .debug_frame     0x0004ac         0xe4 build/default/production/drivers/sdcard_cache.o
 .debug_frame     0x000590        0x14c build/default/production/libs/fat16/fat16.o
 .debug_frame     0x0006dc        0x132 build/default/production/libs/fat16/fat16_priv.o
 .debug_frame     0x00080e         0x7c build/default/production/libs/fat16/path.o
 .debug_frame     0x00088a        0x18e build/default/production/libs/fat16/rootdir.o
 .debug_frame     0x000a18        0x19a build/default/production/libs/fat16/subdir.o
 .debug_frame     0x000bb2         0x48 build/default/production/periph/core_timer.o
 .debug_frame     0x000bfa         0x96 build/default/production/periph/gpio.o
 .debug_frame     0x000c90         0x2e build/default/production/periph/io.o
 .debug_frame     0x000cbe        0x1a6 build/default/production/periph/mcu.o
 .debug_frame     0x000e64        0x20a build/default/production/periph/rtcc.o
 .debug_frame     0x00106e        0x10e build/default/production/periph/spi.o
 .debug_frame     0x00117c        0x22a build/default/production/periph/timer.o
 .debug_frame     0x0013a6         0xf6 build/default/production/periph/timer1.o
 .debug_frame     0x00149c         0xfe build/default/production/periph/uart.o
 .debug_frame     0x00159a         0x62 build/default/production/periph/watchdog.o
 .debug_frame     0x0015fc         0x9a build/default/production/utils.o
 .debug_frame     0x001696         0x78 build/default/production/main.o
 .debug_frame     0x00170e         0x84 build/default/production/LIS3DH.o
 .debug_frame     0x001792        0x180 build/default/production/i2c.o

.debug_str        0x000000        0x4ad
 *(.debug_str)
 .debug_str       0x000000         0x3e build/default/production/bsp/adc.o
 .debug_str       0x00003e         0x3a build/default/production/bsp/buttons.o
 .debug_str       0x000078         0x13 build/default/production/bsp/leds.o
 .debug_str       0x00008b         0x22 build/default/production/bsp/timer_1ms.o
 .debug_str       0x0000ad         0x39 build/default/production/drivers/lcd.o
 .debug_str       0x0000e6         0x2d build/default/production/drivers/sdcard.o
 .debug_str       0x000113          0xc build/default/production/drivers/sdcard_cache.o
 .debug_str       0x00011f         0x3b build/default/production/libs/fat16/fat16.o
 .debug_str       0x00015a         0x75 build/default/production/libs/fat16/fat16_priv.o
 .debug_str       0x0001cf          0xc build/default/production/libs/fat16/path.o
 .debug_str       0x0001db         0x34 build/default/production/libs/fat16/rootdir.o
 .debug_str       0x00020f         0x46 build/default/production/libs/fat16/subdir.o
 .debug_str       0x000255         0xba build/default/production/periph/rtcc.o
 .debug_str       0x00030f         0x54 build/default/production/periph/spi.o
 .debug_str       0x000363         0x14 build/default/production/periph/timer.o
 .debug_str       0x000377         0x20 build/default/production/periph/uart.o
 .debug_str       0x000397         0x6f build/default/production/main.o
 .debug_str       0x000406         0x42 build/default/production/LIS3DH.o
 .debug_str       0x000448         0x65 build/default/production/i2c.o

.debug_loc
 *(.debug_loc)

.debug_macinfo
 *(.debug_macinfo)

.debug_pubnames
                  0x000000        0xf49
 *(.debug_pubnames)
 .debug_pubnames
                  0x000000         0x6a build/default/production/bsp/adc.o
 .debug_pubnames
                  0x00006a         0x39 build/default/production/bsp/buttons.o
 .debug_pubnames
                  0x0000a3         0x53 build/default/production/bsp/leds.o
 .debug_pubnames
                  0x0000f6         0x68 build/default/production/bsp/timer_1ms.o
 .debug_pubnames
                  0x00015e         0x92 build/default/production/drivers/lcd.o
 .debug_pubnames
                  0x0001f0         0x4a build/default/production/drivers/mbr.o
 .debug_pubnames
                  0x00023a         0x4f build/default/production/drivers/sdcard.o
 .debug_pubnames
                  0x000289         0xb8 build/default/production/drivers/sdcard_cache.o
 .debug_pubnames
                  0x000341         0xb4 build/default/production/libs/fat16/fat16.o
 .debug_pubnames
                  0x0003f5         0xf9 build/default/production/libs/fat16/fat16_priv.o
 .debug_pubnames
                  0x0004ee         0x46 build/default/production/libs/fat16/path.o
 .debug_pubnames
                  0x000534         0xbc build/default/production/libs/fat16/rootdir.o
 .debug_pubnames
                  0x0005f0         0xde build/default/production/libs/fat16/subdir.o
 .debug_pubnames
                  0x0006ce         0x3f build/default/production/periph/core_timer.o
 .debug_pubnames
                  0x00070d         0x62 build/default/production/periph/gpio.o
 .debug_pubnames
                  0x00076f         0x1c build/default/production/periph/io.o
 .debug_pubnames
                  0x00078b        0x15b build/default/production/periph/mcu.o
 .debug_pubnames
                  0x0008e6        0x12a build/default/production/periph/rtcc.o
 .debug_pubnames
                  0x000a10         0xae build/default/production/periph/spi.o
 .debug_pubnames
                  0x000abe        0x12b build/default/production/periph/timer.o
 .debug_pubnames
                  0x000be9         0x97 build/default/production/periph/timer1.o
 .debug_pubnames
                  0x000c80         0x9f build/default/production/periph/uart.o
 .debug_pubnames
                  0x000d1f         0x4d build/default/production/periph/watchdog.o
 .debug_pubnames
                  0x000d6c         0x51 build/default/production/utils.o
 .debug_pubnames
                  0x000dbd         0x49 build/default/production/main.o
 .debug_pubnames
                  0x000e06         0x66 build/default/production/LIS3DH.o
 .debug_pubnames
                  0x000e6c         0xdd build/default/production/i2c.o

.debug_ranges
 *(.debug_ranges)

.debug_aranges    0x000000        0x290
 *(.debug_aranges)
 .debug_aranges
                  0x000000         0x18 build/default/production/bsp/adc.o
 .debug_aranges
                  0x000018         0x18 build/default/production/bsp/buttons.o
 .debug_aranges
                  0x000030         0x18 build/default/production/bsp/leds.o
 .debug_aranges
                  0x000048         0x18 build/default/production/bsp/timer_1ms.o
 .debug_aranges
                  0x000060         0x18 build/default/production/drivers/lcd.o
 .debug_aranges
                  0x000078         0x18 build/default/production/drivers/mbr.o
 .debug_aranges
                  0x000090         0x18 build/default/production/drivers/sdcard.o
 .debug_aranges
                  0x0000a8         0x18 build/default/production/drivers/sdcard_cache.o
 .debug_aranges
                  0x0000c0         0x18 build/default/production/libs/fat16/fat16.o
 .debug_aranges
                  0x0000d8         0x18 build/default/production/libs/fat16/fat16_priv.o
 .debug_aranges
                  0x0000f0         0x18 build/default/production/libs/fat16/path.o
 .debug_aranges
                  0x000108         0x18 build/default/production/libs/fat16/rootdir.o
 .debug_aranges
                  0x000120         0x18 build/default/production/libs/fat16/subdir.o
 .debug_aranges
                  0x000138         0x18 build/default/production/periph/core_timer.o
 .debug_aranges
                  0x000150         0x18 build/default/production/periph/gpio.o
 .debug_aranges
                  0x000168         0x20 build/default/production/periph/io.o
 .debug_aranges
                  0x000188         0x18 build/default/production/periph/mcu.o
 .debug_aranges
                  0x0001a0         0x18 build/default/production/periph/rtcc.o
 .debug_aranges
                  0x0001b8         0x18 build/default/production/periph/spi.o
 .debug_aranges
                  0x0001d0         0x18 build/default/production/periph/timer.o
 .debug_aranges
                  0x0001e8         0x18 build/default/production/periph/timer1.o
 .debug_aranges
                  0x000200         0x18 build/default/production/periph/uart.o
 .debug_aranges
                  0x000218         0x18 build/default/production/periph/watchdog.o
 .debug_aranges
                  0x000230         0x18 build/default/production/utils.o
 .debug_aranges
                  0x000248         0x18 build/default/production/main.o
 .debug_aranges
                  0x000260         0x18 build/default/production/LIS3DH.o
 .debug_aranges
                  0x000278         0x18 build/default/production/i2c.o
                    0x0000                  WREG0 = 0x0
                    0x0000                  _WREG0 = 0x0
                    0x0002                  WREG1 = 0x2
                    0x0002                  _WREG1 = 0x2
                    0x0004                  WREG2 = 0x4
                    0x0004                  _WREG2 = 0x4
                    0x0006                  WREG3 = 0x6
                    0x0006                  _WREG3 = 0x6
                    0x0008                  WREG4 = 0x8
                    0x0008                  _WREG4 = 0x8
                    0x000a                  WREG5 = 0xa
                    0x000a                  _WREG5 = 0xa
                    0x000c                  WREG6 = 0xc
                    0x000c                  _WREG6 = 0xc
                    0x000e                  WREG7 = 0xe
                    0x000e                  _WREG7 = 0xe
                    0x0010                  WREG8 = 0x10
                    0x0010                  _WREG8 = 0x10
                    0x0012                  WREG9 = 0x12
                    0x0012                  _WREG9 = 0x12
                    0x0014                  WREG10 = 0x14
                    0x0014                  _WREG10 = 0x14
                    0x0016                  WREG11 = 0x16
                    0x0016                  _WREG11 = 0x16
                    0x0018                  WREG12 = 0x18
                    0x0018                  _WREG12 = 0x18
                    0x001a                  WREG13 = 0x1a
                    0x001a                  _WREG13 = 0x1a
                    0x001c                  WREG14 = 0x1c
                    0x001c                  _WREG14 = 0x1c
                    0x001e                  WREG15 = 0x1e
                    0x001e                  _WREG15 = 0x1e
                    0x0020                  SPLIM = 0x20
                    0x0020                  _SPLIM = 0x20
                    0x002e                  PCL = 0x2e
                    0x002e                  _PCL = 0x2e
                    0x0030                  PCH = 0x30
                    0x0030                  _PCH = 0x30
                    0x0032                  DSRPAG = 0x32
                    0x0032                  _DSRPAG = 0x32
                    0x0032                  _DSRPAGbits = 0x32
                    0x0034                  DSWPAG = 0x34
                    0x0034                  _DSWPAG = 0x34
                    0x0034                  _DSWPAGbits = 0x34
                    0x0036                  RCOUNT = 0x36
                    0x0036                  _RCOUNT = 0x36
                    0x0042                  SR = 0x42
                    0x0042                  _SR = 0x42
                    0x0042                  _SRbits = 0x42
                    0x0044                  CORCON = 0x44
                    0x0044                  _CORCON = 0x44
                    0x0044                  _CORCONbits = 0x44
                    0x0052                  DISICNT = 0x52
                    0x0052                  _DISICNT = 0x52
                    0x0052                  _DISICNTbits = 0x52
                    0x0054                  TBLPAG = 0x54
                    0x0054                  _TBLPAG = 0x54
                    0x0054                  _TBLPAGbits = 0x54
                    0x0080                  INTCON1 = 0x80
                    0x0080                  _INTCON1 = 0x80
                    0x0080                  _INTCON1bits = 0x80
                    0x0082                  INTCON2 = 0x82
                    0x0082                  _INTCON2 = 0x82
                    0x0082                  _INTCON2bits = 0x82
                    0x0086                  INTCON4 = 0x86
                    0x0086                  _INTCON4 = 0x86
                    0x0086                  _INTCON4bits = 0x86
                    0x0088                  IFS0 = 0x88
                    0x0088                  _IFS0 = 0x88
                    0x0088                  _IFS0bits = 0x88
                    0x008a                  IFS1 = 0x8a
                    0x008a                  _IFS1 = 0x8a
                    0x008a                  _IFS1bits = 0x8a
                    0x008c                  IFS2 = 0x8c
                    0x008c                  _IFS2 = 0x8c
                    0x008c                  _IFS2bits = 0x8c
                    0x008e                  IFS3 = 0x8e
                    0x008e                  _IFS3 = 0x8e
                    0x008e                  _IFS3bits = 0x8e
                    0x0090                  IFS4 = 0x90
                    0x0090                  _IFS4 = 0x90
                    0x0090                  _IFS4bits = 0x90
                    0x0092                  IFS5 = 0x92
                    0x0092                  _IFS5 = 0x92
                    0x0092                  _IFS5bits = 0x92
                    0x0094                  IFS6 = 0x94
                    0x0094                  _IFS6 = 0x94
                    0x0094                  _IFS6bits = 0x94
                    0x0096                  IFS7 = 0x96
                    0x0096                  _IFS7 = 0x96
                    0x0096                  _IFS7bits = 0x96
                    0x0098                  IEC0 = 0x98
                    0x0098                  _IEC0 = 0x98
                    0x0098                  _IEC0bits = 0x98
                    0x009a                  IEC1 = 0x9a
                    0x009a                  _IEC1 = 0x9a
                    0x009a                  _IEC1bits = 0x9a
                    0x009c                  IEC2 = 0x9c
                    0x009c                  _IEC2 = 0x9c
                    0x009c                  _IEC2bits = 0x9c
                    0x009e                  IEC3 = 0x9e
                    0x009e                  _IEC3 = 0x9e
                    0x009e                  _IEC3bits = 0x9e
                    0x00a0                  IEC4 = 0xa0
                    0x00a0                  _IEC4 = 0xa0
                    0x00a0                  _IEC4bits = 0xa0
                    0x00a2                  IEC5 = 0xa2
                    0x00a2                  _IEC5 = 0xa2
                    0x00a2                  _IEC5bits = 0xa2
                    0x00a4                  IEC6 = 0xa4
                    0x00a4                  _IEC6 = 0xa4
                    0x00a4                  _IEC6bits = 0xa4
                    0x00a6                  IEC7 = 0xa6
                    0x00a6                  _IEC7 = 0xa6
                    0x00a6                  _IEC7bits = 0xa6
                    0x00a8                  IPC0 = 0xa8
                    0x00a8                  _IPC0 = 0xa8
                    0x00a8                  _IPC0bits = 0xa8
                    0x00aa                  IPC1 = 0xaa
                    0x00aa                  _IPC1 = 0xaa
                    0x00aa                  _IPC1bits = 0xaa
                    0x00ac                  IPC2 = 0xac
                    0x00ac                  _IPC2 = 0xac
                    0x00ac                  _IPC2bits = 0xac
                    0x00ae                  IPC3 = 0xae
                    0x00ae                  _IPC3 = 0xae
                    0x00ae                  _IPC3bits = 0xae
                    0x00b0                  IPC4 = 0xb0
                    0x00b0                  _IPC4 = 0xb0
                    0x00b0                  _IPC4bits = 0xb0
                    0x00b2                  IPC5 = 0xb2
                    0x00b2                  _IPC5 = 0xb2
                    0x00b2                  _IPC5bits = 0xb2
                    0x00b4                  IPC6 = 0xb4
                    0x00b4                  _IPC6 = 0xb4
                    0x00b4                  _IPC6bits = 0xb4
                    0x00b6                  IPC7 = 0xb6
                    0x00b6                  _IPC7 = 0xb6
                    0x00b6                  _IPC7bits = 0xb6
                    0x00b8                  IPC8 = 0xb8
                    0x00b8                  _IPC8 = 0xb8
                    0x00b8                  _IPC8bits = 0xb8
                    0x00ba                  IPC9 = 0xba
                    0x00ba                  _IPC9 = 0xba
                    0x00ba                  _IPC9bits = 0xba
                    0x00bc                  IPC10 = 0xbc
                    0x00bc                  _IPC10 = 0xbc
                    0x00bc                  _IPC10bits = 0xbc
                    0x00be                  IPC11 = 0xbe
                    0x00be                  _IPC11 = 0xbe
                    0x00be                  _IPC11bits = 0xbe
                    0x00c0                  IPC12 = 0xc0
                    0x00c0                  _IPC12 = 0xc0
                    0x00c0                  _IPC12bits = 0xc0
                    0x00c2                  IPC13 = 0xc2
                    0x00c2                  _IPC13 = 0xc2
                    0x00c2                  _IPC13bits = 0xc2
                    0x00c4                  IPC14 = 0xc4
                    0x00c4                  _IPC14 = 0xc4
                    0x00c4                  _IPC14bits = 0xc4
                    0x00c6                  IPC15 = 0xc6
                    0x00c6                  _IPC15 = 0xc6
                    0x00c6                  _IPC15bits = 0xc6
                    0x00c8                  IPC16 = 0xc8
                    0x00c8                  _IPC16 = 0xc8
                    0x00c8                  _IPC16bits = 0xc8
                    0x00ca                  IPC17 = 0xca
                    0x00ca                  _IPC17 = 0xca
                    0x00ca                  _IPC17bits = 0xca
                    0x00cc                  IPC18 = 0xcc
                    0x00cc                  _IPC18 = 0xcc
                    0x00cc                  _IPC18bits = 0xcc
                    0x00ce                  IPC19 = 0xce
                    0x00ce                  _IPC19 = 0xce
                    0x00ce                  _IPC19bits = 0xce
                    0x00d0                  IPC20 = 0xd0
                    0x00d0                  _IPC20 = 0xd0
                    0x00d0                  _IPC20bits = 0xd0
                    0x00d2                  IPC21 = 0xd2
                    0x00d2                  _IPC21 = 0xd2
                    0x00d2                  _IPC21bits = 0xd2
                    0x00d4                  IPC22 = 0xd4
                    0x00d4                  _IPC22 = 0xd4
                    0x00d4                  _IPC22bits = 0xd4
                    0x00d6                  IPC23 = 0xd6
                    0x00d6                  _IPC23 = 0xd6
                    0x00d6                  _IPC23bits = 0xd6
                    0x00d8                  IPC24 = 0xd8
                    0x00d8                  _IPC24 = 0xd8
                    0x00d8                  _IPC24bits = 0xd8
                    0x00da                  IPC25 = 0xda
                    0x00da                  _IPC25 = 0xda
                    0x00da                  _IPC25bits = 0xda
                    0x00dc                  IPC26 = 0xdc
                    0x00dc                  _IPC26 = 0xdc
                    0x00dc                  _IPC26bits = 0xdc
                    0x00de                  IPC27 = 0xde
                    0x00de                  _IPC27 = 0xde
                    0x00de                  _IPC27bits = 0xde
                    0x00e0                  IPC28 = 0xe0
                    0x00e0                  _IPC28 = 0xe0
                    0x00e0                  _IPC28bits = 0xe0
                    0x00e2                  IPC29 = 0xe2
                    0x00e2                  _IPC29 = 0xe2
                    0x00e2                  _IPC29bits = 0xe2
                    0x00e4                  INTTREG = 0xe4
                    0x00e4                  _INTTREG = 0xe4
                    0x00e4                  _INTTREGbits = 0xe4
                    0x0100                  OSCCON = 0x100
                    0x0100                  _OSCCON = 0x100
                    0x0100                  _OSCCONbits = 0x100
                    0x0100                  OSCCONL = 0x100
                    0x0100                  _OSCCONL = 0x100
                    0x0101                  OSCCONH = 0x101
                    0x0101                  _OSCCONH = 0x101
                    0x0102                  CLKDIV = 0x102
                    0x0102                  _CLKDIV = 0x102
                    0x0102                  _CLKDIVbits = 0x102
                    0x0106                  OSCTUN = 0x106
                    0x0106                  _OSCTUN = 0x106
                    0x0106                  _OSCTUNbits = 0x106
                    0x0108                  DCOTUN = 0x108
                    0x0108                  _DCOTUN = 0x108
                    0x0108                  _DCOTUNbits = 0x108
                    0x010a                  DCOCON = 0x10a
                    0x010a                  _DCOCON = 0x10a
                    0x010a                  _DCOCONbits = 0x10a
                    0x010c                  OSCDIV = 0x10c
                    0x010c                  _OSCDIV = 0x10c
                    0x010c                  _OSCDIVbits = 0x10c
                    0x010e                  OSCFDIV = 0x10e
                    0x010e                  _OSCFDIV = 0x10e
                    0x010e                  _OSCFDIVbits = 0x10e
                    0x0110                  RCON = 0x110
                    0x0110                  _RCON = 0x110
                    0x0110                  _RCONbits = 0x110
                    0x0114                  HLVDCON = 0x114
                    0x0114                  _HLVDCON = 0x114
                    0x0114                  _HLVDCONbits = 0x114
                    0x0128                  PMCON1 = 0x128
                    0x0128                  _PMCON1 = 0x128
                    0x0128                  _PMCON1bits = 0x128
                    0x012a                  PMCON2 = 0x12a
                    0x012a                  _PMCON2 = 0x12a
                    0x012a                  _PMCON2bits = 0x12a
                    0x012c                  PMCON3 = 0x12c
                    0x012c                  _PMCON3 = 0x12c
                    0x012c                  _PMCON3bits = 0x12c
                    0x012e                  PMCON4 = 0x12e
                    0x012e                  _PMCON4 = 0x12e
                    0x012e                  _PMCON4bits = 0x12e
                    0x0130                  PMCS1CF = 0x130
                    0x0130                  _PMCS1CF = 0x130
                    0x0130                  _PMCS1CFbits = 0x130
                    0x0132                  PMCS1BS = 0x132
                    0x0132                  _PMCS1BS = 0x132
                    0x0132                  _PMCS1BSbits = 0x132
                    0x0134                  PMCS1MD = 0x134
                    0x0134                  _PMCS1MD = 0x134
                    0x0134                  _PMCS1MDbits = 0x134
                    0x0136                  PMCS2CF = 0x136
                    0x0136                  _PMCS2CF = 0x136
                    0x0136                  _PMCS2CFbits = 0x136
                    0x0138                  PMCS2BS = 0x138
                    0x0138                  _PMCS2BS = 0x138
                    0x0138                  _PMCS2BSbits = 0x138
                    0x013a                  PMCS2MD = 0x13a
                    0x013a                  _PMCS2MD = 0x13a
                    0x013a                  _PMCS2MDbits = 0x13a
                    0x013c                  PMDOUT1 = 0x13c
                    0x013c                  _PMDOUT1 = 0x13c
                    0x013e                  PMDOUT2 = 0x13e
                    0x013e                  _PMDOUT2 = 0x13e
                    0x0140                  PMDIN1 = 0x140
                    0x0140                  _PMDIN1 = 0x140
                    0x0142                  PMDIN2 = 0x142
                    0x0142                  _PMDIN2 = 0x142
                    0x0144                  PMSTAT = 0x144
                    0x0144                  _PMSTAT = 0x144
                    0x0144                  _PMSTATbits = 0x144
                    0x0158                  CRCCON1 = 0x158
                    0x0158                  _CRCCON1 = 0x158
                    0x0158                  _CRCCON1bits = 0x158
                    0x015a                  CRCCON2 = 0x15a
                    0x015a                  _CRCCON2 = 0x15a
                    0x015a                  _CRCCON2bits = 0x15a
                    0x015c                  CRCXORL = 0x15c
                    0x015c                  _CRCXORL = 0x15c
                    0x015c                  _CRCXORLbits = 0x15c
                    0x015e                  CRCXORH = 0x15e
                    0x015e                  _CRCXORH = 0x15e
                    0x015e                  _CRCXORHbits = 0x15e
                    0x0160                  CRCDAT = 0x160
                    0x0160                  _CRCDAT = 0x160
                    0x0160                  CRCDATL = 0x160
                    0x0160                  _CRCDATL = 0x160
                    0x0162                  CRCDATH = 0x162
                    0x0162                  _CRCDATH = 0x162
                    0x0164                  CRCWDAT = 0x164
                    0x0164                  _CRCWDAT = 0x164
                    0x0164                  CRCWDATL = 0x164
                    0x0164                  _CRCWDATL = 0x164
                    0x0166                  CRCWDATH = 0x166
                    0x0166                  _CRCWDATH = 0x166
                    0x0168                  REFOCON1 = 0x168
                    0x0168                  _REFOCON1 = 0x168
                    0x0168                  _REFOCON1bits = 0x168
                    0x0168                  REFOCONL = 0x168
                    0x0168                  _REFOCONL = 0x168
                    0x0168                  _REFOCONLbits = 0x168
                    0x016a                  REFOCON2 = 0x16a
                    0x016a                  _REFOCON2 = 0x16a
                    0x016a                  _REFOCON2bits = 0x16a
                    0x016a                  REFOCONH = 0x16a
                    0x016a                  _REFOCONH = 0x16a
                    0x016a                  _REFOCONHbits = 0x16a
                    0x0178                  PMD1 = 0x178
                    0x0178                  _PMD1 = 0x178
                    0x0178                  _PMD1bits = 0x178
                    0x017a                  PMD2 = 0x17a
                    0x017a                  _PMD2 = 0x17a
                    0x017a                  _PMD2bits = 0x17a
                    0x017c                  PMD3 = 0x17c
                    0x017c                  _PMD3 = 0x17c
                    0x017c                  _PMD3bits = 0x17c
                    0x017e                  PMD4 = 0x17e
                    0x017e                  _PMD4 = 0x17e
                    0x017e                  _PMD4bits = 0x17e
                    0x0180                  PMD5 = 0x180
                    0x0180                  _PMD5 = 0x180
                    0x0180                  _PMD5bits = 0x180
                    0x0182                  PMD6 = 0x182
                    0x0182                  _PMD6 = 0x182
                    0x0182                  _PMD6bits = 0x182
                    0x0184                  PMD7 = 0x184
                    0x0184                  _PMD7 = 0x184
                    0x0184                  _PMD7bits = 0x184
                    0x0186                  PMD8 = 0x186
                    0x0186                  _PMD8 = 0x186
                    0x0186                  _PMD8bits = 0x186
                    0x0190                  TMR1 = 0x190
                    0x0190                  _TMR1 = 0x190
                    0x0192                  PR1 = 0x192
                    0x0192                  _PR1 = 0x192
                    0x0194                  T1CON = 0x194
                    0x0194                  _T1CON = 0x194
                    0x0194                  _T1CONbits = 0x194
                    0x0196                  TMR2 = 0x196
                    0x0196                  _TMR2 = 0x196
                    0x0198                  TMR3HLD = 0x198
                    0x0198                  _TMR3HLD = 0x198
                    0x019a                  TMR3 = 0x19a
                    0x019a                  _TMR3 = 0x19a
                    0x019c                  PR2 = 0x19c
                    0x019c                  _PR2 = 0x19c
                    0x019e                  PR3 = 0x19e
                    0x019e                  _PR3 = 0x19e
                    0x01a0                  T2CON = 0x1a0
                    0x01a0                  _T2CON = 0x1a0
                    0x01a0                  _T2CONbits = 0x1a0
                    0x01a2                  T3CON = 0x1a2
                    0x01a2                  _T3CON = 0x1a2
                    0x01a2                  _T3CONbits = 0x1a2
                    0x01a4                  TMR4 = 0x1a4
                    0x01a4                  _TMR4 = 0x1a4
                    0x01a6                  TMR5HLD = 0x1a6
                    0x01a6                  _TMR5HLD = 0x1a6
                    0x01a8                  TMR5 = 0x1a8
                    0x01a8                  _TMR5 = 0x1a8
                    0x01aa                  PR4 = 0x1aa
                    0x01aa                  _PR4 = 0x1aa
                    0x01ac                  PR5 = 0x1ac
                    0x01ac                  _PR5 = 0x1ac
                    0x01ae                  T4CON = 0x1ae
                    0x01ae                  _T4CON = 0x1ae
                    0x01ae                  _T4CONbits = 0x1ae
                    0x01b0                  T5CON = 0x1b0
                    0x01b0                  _T5CON = 0x1b0
                    0x01b0                  _T5CONbits = 0x1b0
                    0x01c0                  CTMUCON1L = 0x1c0
                    0x01c0                  _CTMUCON1L = 0x1c0
                    0x01c0                  _CTMUCON1Lbits = 0x1c0
                    0x01c2                  CTMUCON1H = 0x1c2
                    0x01c2                  _CTMUCON1H = 0x1c2
                    0x01c2                  _CTMUCON1Hbits = 0x1c2
                    0x01c4                  CTMUCON2L = 0x1c4
                    0x01c4                  _CTMUCON2L = 0x1c4
                    0x01c4                  _CTMUCON2Lbits = 0x1c4
                    0x01cc                  RTCCON1L = 0x1cc
                    0x01cc                  _RTCCON1L = 0x1cc
                    0x01cc                  _RTCCON1Lbits = 0x1cc
                    0x01ce                  RTCCON1H = 0x1ce
                    0x01ce                  _RTCCON1H = 0x1ce
                    0x01ce                  _RTCCON1Hbits = 0x1ce
                    0x01d0                  RTCCON2L = 0x1d0
                    0x01d0                  _RTCCON2L = 0x1d0
                    0x01d0                  _RTCCON2Lbits = 0x1d0
                    0x01d2                  RTCCON2H = 0x1d2
                    0x01d2                  _RTCCON2H = 0x1d2
                    0x01d4                  RTCCON3L = 0x1d4
                    0x01d4                  _RTCCON3L = 0x1d4
                    0x01d4                  _RTCCON3Lbits = 0x1d4
                    0x01d8                  RTCSTATL = 0x1d8
                    0x01d8                  _RTCSTATL = 0x1d8
                    0x01d8                  _RTCSTATLbits = 0x1d8
                    0x01dc                  TIMEL = 0x1dc
                    0x01dc                  _TIMEL = 0x1dc
                    0x01dc                  _TIMELbits = 0x1dc
                    0x01de                  TIMEH = 0x1de
                    0x01de                  _TIMEH = 0x1de
                    0x01de                  _TIMEHbits = 0x1de
                    0x01e0                  DATEL = 0x1e0
                    0x01e0                  _DATEL = 0x1e0
                    0x01e0                  _DATELbits = 0x1e0
                    0x01e2                  DATEH = 0x1e2
                    0x01e2                  _DATEH = 0x1e2
                    0x01e2                  _DATEHbits = 0x1e2
                    0x01e4                  ALMTIMEL = 0x1e4
                    0x01e4                  _ALMTIMEL = 0x1e4
                    0x01e4                  _ALMTIMELbits = 0x1e4
                    0x01e6                  ALMTIMEH = 0x1e6
                    0x01e6                  _ALMTIMEH = 0x1e6
                    0x01e6                  _ALMTIMEHbits = 0x1e6
                    0x01e8                  ALMDATEL = 0x1e8
                    0x01e8                  _ALMDATEL = 0x1e8
                    0x01e8                  _ALMDATELbits = 0x1e8
                    0x01ea                  ALMDATEH = 0x1ea
                    0x01ea                  _ALMDATEH = 0x1ea
                    0x01ea                  _ALMDATEHbits = 0x1ea
                    0x01ec                  TSATIMEL = 0x1ec
                    0x01ec                  _TSATIMEL = 0x1ec
                    0x01ec                  _TSATIMELbits = 0x1ec
                    0x01ee                  TSATIMEH = 0x1ee
                    0x01ee                  _TSATIMEH = 0x1ee
                    0x01ee                  _TSATIMEHbits = 0x1ee
                    0x01f0                  TSADATEL = 0x1f0
                    0x01f0                  _TSADATEL = 0x1f0
                    0x01f0                  _TSADATELbits = 0x1f0
                    0x01f2                  TSADATEH = 0x1f2
                    0x01f2                  _TSADATEH = 0x1f2
                    0x01f2                  _TSADATEHbits = 0x1f2
                    0x0200                  IC1CON1 = 0x200
                    0x0200                  _IC1CON1 = 0x200
                    0x0200                  _IC1CON1bits = 0x200
                    0x0202                  IC1CON2 = 0x202
                    0x0202                  _IC1CON2 = 0x202
                    0x0202                  _IC1CON2bits = 0x202
                    0x0204                  IC1BUF = 0x204
                    0x0204                  _IC1BUF = 0x204
                    0x0206                  IC1TMR = 0x206
                    0x0206                  _IC1TMR = 0x206
                    0x0208                  IC2CON1 = 0x208
                    0x0208                  _IC2CON1 = 0x208
                    0x0208                  _IC2CON1bits = 0x208
                    0x020a                  IC2CON2 = 0x20a
                    0x020a                  _IC2CON2 = 0x20a
                    0x020a                  _IC2CON2bits = 0x20a
                    0x020c                  IC2BUF = 0x20c
                    0x020c                  _IC2BUF = 0x20c
                    0x020e                  IC2TMR = 0x20e
                    0x020e                  _IC2TMR = 0x20e
                    0x0210                  IC3CON1 = 0x210
                    0x0210                  _IC3CON1 = 0x210
                    0x0210                  _IC3CON1bits = 0x210
                    0x0212                  IC3CON2 = 0x212
                    0x0212                  _IC3CON2 = 0x212
                    0x0212                  _IC3CON2bits = 0x212
                    0x0214                  IC3BUF = 0x214
                    0x0214                  _IC3BUF = 0x214
                    0x0216                  IC3TMR = 0x216
                    0x0216                  _IC3TMR = 0x216
                    0x0218                  IC4CON1 = 0x218
                    0x0218                  _IC4CON1 = 0x218
                    0x0218                  _IC4CON1bits = 0x218
                    0x021a                  IC4CON2 = 0x21a
                    0x021a                  _IC4CON2 = 0x21a
                    0x021a                  _IC4CON2bits = 0x21a
                    0x021c                  IC4BUF = 0x21c
                    0x021c                  _IC4BUF = 0x21c
                    0x021e                  IC4TMR = 0x21e
                    0x021e                  _IC4TMR = 0x21e
                    0x0220                  IC5CON1 = 0x220
                    0x0220                  _IC5CON1 = 0x220
                    0x0220                  _IC5CON1bits = 0x220
                    0x0222                  IC5CON2 = 0x222
                    0x0222                  _IC5CON2 = 0x222
                    0x0222                  _IC5CON2bits = 0x222
                    0x0224                  IC5BUF = 0x224
                    0x0224                  _IC5BUF = 0x224
                    0x0226                  IC5TMR = 0x226
                    0x0226                  _IC5TMR = 0x226
                    0x0228                  IC6CON1 = 0x228
                    0x0228                  _IC6CON1 = 0x228
                    0x0228                  _IC6CON1bits = 0x228
                    0x022a                  IC6CON2 = 0x22a
                    0x022a                  _IC6CON2 = 0x22a
                    0x022a                  _IC6CON2bits = 0x22a
                    0x022c                  IC6BUF = 0x22c
                    0x022c                  _IC6BUF = 0x22c
                    0x022e                  IC6TMR = 0x22e
                    0x022e                  _IC6TMR = 0x22e
                    0x0230                  OC1CON1 = 0x230
                    0x0230                  _OC1CON1 = 0x230
                    0x0230                  _OC1CON1bits = 0x230
                    0x0232                  OC1CON2 = 0x232
                    0x0232                  _OC1CON2 = 0x232
                    0x0232                  _OC1CON2bits = 0x232
                    0x0234                  OC1RS = 0x234
                    0x0234                  _OC1RS = 0x234
                    0x0236                  OC1R = 0x236
                    0x0236                  _OC1R = 0x236
                    0x0238                  OC1TMR = 0x238
                    0x0238                  _OC1TMR = 0x238
                    0x023a                  OC2CON1 = 0x23a
                    0x023a                  _OC2CON1 = 0x23a
                    0x023a                  _OC2CON1bits = 0x23a
                    0x023c                  OC2CON2 = 0x23c
                    0x023c                  _OC2CON2 = 0x23c
                    0x023c                  _OC2CON2bits = 0x23c
                    0x023e                  OC2RS = 0x23e
                    0x023e                  _OC2RS = 0x23e
                    0x0240                  OC2R = 0x240
                    0x0240                  _OC2R = 0x240
                    0x0242                  OC2TMR = 0x242
                    0x0242                  _OC2TMR = 0x242
                    0x0244                  OC3CON1 = 0x244
                    0x0244                  _OC3CON1 = 0x244
                    0x0244                  _OC3CON1bits = 0x244
                    0x0246                  OC3CON2 = 0x246
                    0x0246                  _OC3CON2 = 0x246
                    0x0246                  _OC3CON2bits = 0x246
                    0x0248                  OC3RS = 0x248
                    0x0248                  _OC3RS = 0x248
                    0x024a                  OC3R = 0x24a
                    0x024a                  _OC3R = 0x24a
                    0x024c                  OC3TMR = 0x24c
                    0x024c                  _OC3TMR = 0x24c
                    0x024e                  OC4CON1 = 0x24e
                    0x024e                  _OC4CON1 = 0x24e
                    0x024e                  _OC4CON1bits = 0x24e
                    0x0250                  OC4CON2 = 0x250
                    0x0250                  _OC4CON2 = 0x250
                    0x0250                  _OC4CON2bits = 0x250
                    0x0252                  OC4RS = 0x252
                    0x0252                  _OC4RS = 0x252
                    0x0254                  OC4R = 0x254
                    0x0254                  _OC4R = 0x254
                    0x0256                  OC4TMR = 0x256
                    0x0256                  _OC4TMR = 0x256
                    0x0258                  OC5CON1 = 0x258
                    0x0258                  _OC5CON1 = 0x258
                    0x0258                  _OC5CON1bits = 0x258
                    0x025a                  OC5CON2 = 0x25a
                    0x025a                  _OC5CON2 = 0x25a
                    0x025a                  _OC5CON2bits = 0x25a
                    0x025c                  OC5RS = 0x25c
                    0x025c                  _OC5RS = 0x25c
                    0x025e                  OC5R = 0x25e
                    0x025e                  _OC5R = 0x25e
                    0x0260                  OC5TMR = 0x260
                    0x0260                  _OC5TMR = 0x260
                    0x0262                  OC6CON1 = 0x262
                    0x0262                  _OC6CON1 = 0x262
                    0x0262                  _OC6CON1bits = 0x262
                    0x0264                  OC6CON2 = 0x264
                    0x0264                  _OC6CON2 = 0x264
                    0x0264                  _OC6CON2bits = 0x264
                    0x0266                  OC6RS = 0x266
                    0x0266                  _OC6RS = 0x266
                    0x0268                  OC6R = 0x268
                    0x0268                  _OC6R = 0x268
                    0x026a                  OC6TMR = 0x26a
                    0x026a                  _OC6TMR = 0x26a
                    0x026c                  CCP1CON1L = 0x26c
                    0x026c                  _CCP1CON1L = 0x26c
                    0x026c                  _CCP1CON1Lbits = 0x26c
                    0x026e                  CCP1CON1H = 0x26e
                    0x026e                  _CCP1CON1H = 0x26e
                    0x026e                  _CCP1CON1Hbits = 0x26e
                    0x0270                  CCP1CON2L = 0x270
                    0x0270                  _CCP1CON2L = 0x270
                    0x0270                  _CCP1CON2Lbits = 0x270
                    0x0272                  CCP1CON2H = 0x272
                    0x0272                  _CCP1CON2H = 0x272
                    0x0272                  _CCP1CON2Hbits = 0x272
                    0x0274                  CCP1CON3L = 0x274
                    0x0274                  _CCP1CON3L = 0x274
                    0x0274                  _CCP1CON3Lbits = 0x274
                    0x0276                  CCP1CON3H = 0x276
                    0x0276                  _CCP1CON3H = 0x276
                    0x0276                  _CCP1CON3Hbits = 0x276
                    0x0278                  CCP1STAT = 0x278
                    0x0278                  _CCP1STAT = 0x278
                    0x0278                  _CCP1STATbits = 0x278
                    0x0278                  CCP1STATL = 0x278
                    0x0278                  _CCP1STATL = 0x278
                    0x0278                  _CCP1STATLbits = 0x278
                    0x027a                  CCP1STATH = 0x27a
                    0x027a                  _CCP1STATH = 0x27a
                    0x027a                  _CCP1STATHbits = 0x27a
                    0x027c                  CCP1TMRL = 0x27c
                    0x027c                  _CCP1TMRL = 0x27c
                    0x027e                  CCP1TMRH = 0x27e
                    0x027e                  _CCP1TMRH = 0x27e
                    0x0280                  CCP1PRL = 0x280
                    0x0280                  _CCP1PRL = 0x280
                    0x0282                  CCP1PRH = 0x282
                    0x0282                  _CCP1PRH = 0x282
                    0x0284                  CCP1RA = 0x284
                    0x0284                  _CCP1RA = 0x284
                    0x0284                  CCP1RAL = 0x284
                    0x0284                  _CCP1RAL = 0x284
                    0x0286                  CCP1RAH = 0x286
                    0x0286                  _CCP1RAH = 0x286
                    0x0288                  CCP1RB = 0x288
                    0x0288                  _CCP1RB = 0x288
                    0x0288                  CCP1RBL = 0x288
                    0x0288                  _CCP1RBL = 0x288
                    0x028a                  CCP1RBH = 0x28a
                    0x028a                  _CCP1RBH = 0x28a
                    0x028c                  CCP1BUFL = 0x28c
                    0x028c                  _CCP1BUFL = 0x28c
                    0x028e                  CCP1BUFH = 0x28e
                    0x028e                  _CCP1BUFH = 0x28e
                    0x0290                  CCP2CON1L = 0x290
                    0x0290                  _CCP2CON1L = 0x290
                    0x0290                  _CCP2CON1Lbits = 0x290
                    0x0292                  CCP2CON1H = 0x292
                    0x0292                  _CCP2CON1H = 0x292
                    0x0292                  _CCP2CON1Hbits = 0x292
                    0x0294                  CCP2CON2L = 0x294
                    0x0294                  _CCP2CON2L = 0x294
                    0x0294                  _CCP2CON2Lbits = 0x294
                    0x0296                  CCP2CON2H = 0x296
                    0x0296                  _CCP2CON2H = 0x296
                    0x0296                  _CCP2CON2Hbits = 0x296
                    0x0298                  CCP2CON3L = 0x298
                    0x0298                  _CCP2CON3L = 0x298
                    0x0298                  _CCP2CON3Lbits = 0x298
                    0x029a                  CCP2CON3H = 0x29a
                    0x029a                  _CCP2CON3H = 0x29a
                    0x029a                  _CCP2CON3Hbits = 0x29a
                    0x029c                  CCP2STAT = 0x29c
                    0x029c                  _CCP2STAT = 0x29c
                    0x029c                  _CCP2STATbits = 0x29c
                    0x029c                  CCP2STATL = 0x29c
                    0x029c                  _CCP2STATL = 0x29c
                    0x029c                  _CCP2STATLbits = 0x29c
                    0x029e                  CCP2STATH = 0x29e
                    0x029e                  _CCP2STATH = 0x29e
                    0x029e                  _CCP2STATHbits = 0x29e
                    0x02a0                  CCP2TMRL = 0x2a0
                    0x02a0                  _CCP2TMRL = 0x2a0
                    0x02a2                  CCP2TMRH = 0x2a2
                    0x02a2                  _CCP2TMRH = 0x2a2
                    0x02a4                  CCP2PRL = 0x2a4
                    0x02a4                  _CCP2PRL = 0x2a4
                    0x02a6                  CCP2PRH = 0x2a6
                    0x02a6                  _CCP2PRH = 0x2a6
                    0x02a8                  CCP2RA = 0x2a8
                    0x02a8                  _CCP2RA = 0x2a8
                    0x02a8                  CCP2RAL = 0x2a8
                    0x02a8                  _CCP2RAL = 0x2a8
                    0x02aa                  CCP2RAH = 0x2aa
                    0x02aa                  _CCP2RAH = 0x2aa
                    0x02ac                  CCP2RB = 0x2ac
                    0x02ac                  _CCP2RB = 0x2ac
                    0x02ac                  CCP2RBL = 0x2ac
                    0x02ac                  _CCP2RBL = 0x2ac
                    0x02ae                  CCP2RBH = 0x2ae
                    0x02ae                  _CCP2RBH = 0x2ae
                    0x02b0                  CCP2BUFL = 0x2b0
                    0x02b0                  _CCP2BUFL = 0x2b0
                    0x02b2                  CCP2BUFH = 0x2b2
                    0x02b2                  _CCP2BUFH = 0x2b2
                    0x02b4                  CCP3CON1L = 0x2b4
                    0x02b4                  _CCP3CON1L = 0x2b4
                    0x02b4                  _CCP3CON1Lbits = 0x2b4
                    0x02b6                  CCP3CON1H = 0x2b6
                    0x02b6                  _CCP3CON1H = 0x2b6
                    0x02b6                  _CCP3CON1Hbits = 0x2b6
                    0x02b8                  CCP3CON2L = 0x2b8
                    0x02b8                  _CCP3CON2L = 0x2b8
                    0x02b8                  _CCP3CON2Lbits = 0x2b8
                    0x02ba                  CCP3CON2H = 0x2ba
                    0x02ba                  _CCP3CON2H = 0x2ba
                    0x02ba                  _CCP3CON2Hbits = 0x2ba
                    0x02bc                  CCP3CON3L = 0x2bc
                    0x02bc                  _CCP3CON3L = 0x2bc
                    0x02bc                  _CCP3CON3Lbits = 0x2bc
                    0x02be                  CCP3CON3H = 0x2be
                    0x02be                  _CCP3CON3H = 0x2be
                    0x02be                  _CCP3CON3Hbits = 0x2be
                    0x02c0                  CCP3STAT = 0x2c0
                    0x02c0                  _CCP3STAT = 0x2c0
                    0x02c0                  _CCP3STATbits = 0x2c0
                    0x02c0                  CCP3STATL = 0x2c0
                    0x02c0                  _CCP3STATL = 0x2c0
                    0x02c0                  _CCP3STATLbits = 0x2c0
                    0x02c2                  CCP3STATH = 0x2c2
                    0x02c2                  _CCP3STATH = 0x2c2
                    0x02c2                  _CCP3STATHbits = 0x2c2
                    0x02c4                  CCP3TMRL = 0x2c4
                    0x02c4                  _CCP3TMRL = 0x2c4
                    0x02c6                  CCP3TMRH = 0x2c6
                    0x02c6                  _CCP3TMRH = 0x2c6
                    0x02c8                  CCP3PRL = 0x2c8
                    0x02c8                  _CCP3PRL = 0x2c8
                    0x02ca                  CCP3PRH = 0x2ca
                    0x02ca                  _CCP3PRH = 0x2ca
                    0x02cc                  CCP3RA = 0x2cc
                    0x02cc                  _CCP3RA = 0x2cc
                    0x02cc                  CCP3RAL = 0x2cc
                    0x02cc                  _CCP3RAL = 0x2cc
                    0x02ce                  CCP3RAH = 0x2ce
                    0x02ce                  _CCP3RAH = 0x2ce
                    0x02d0                  CCP3RB = 0x2d0
                    0x02d0                  _CCP3RB = 0x2d0
                    0x02d0                  CCP3RBL = 0x2d0
                    0x02d0                  _CCP3RBL = 0x2d0
                    0x02d2                  CCP3RBH = 0x2d2
                    0x02d2                  _CCP3RBH = 0x2d2
                    0x02d4                  CCP3BUFL = 0x2d4
                    0x02d4                  _CCP3BUFL = 0x2d4
                    0x02d6                  CCP3BUFH = 0x2d6
                    0x02d6                  _CCP3BUFH = 0x2d6
                    0x02e6                  CMSTAT = 0x2e6
                    0x02e6                  _CMSTAT = 0x2e6
                    0x02e6                  _CMSTATbits = 0x2e6
                    0x02e8                  CVRCON = 0x2e8
                    0x02e8                  _CVRCON = 0x2e8
                    0x02e8                  _CVRCONbits = 0x2e8
                    0x02ea                  CM1CON = 0x2ea
                    0x02ea                  _CM1CON = 0x2ea
                    0x02ea                  _CM1CONbits = 0x2ea
                    0x02ec                  CM2CON = 0x2ec
                    0x02ec                  _CM2CON = 0x2ec
                    0x02ec                  _CM2CONbits = 0x2ec
                    0x02ee                  CM3CON = 0x2ee
                    0x02ee                  _CM3CON = 0x2ee
                    0x02ee                  _CM3CONbits = 0x2ee
                    0x02f4                  ANCFG = 0x2f4
                    0x02f4                  _ANCFG = 0x2f4
                    0x02f4                  _ANCFGbits = 0x2f4
                    0x0300                  CCP4CON1L = 0x300
                    0x0300                  _CCP4CON1L = 0x300
                    0x0300                  _CCP4CON1Lbits = 0x300
                    0x0302                  CCP4CON1H = 0x302
                    0x0302                  _CCP4CON1H = 0x302
                    0x0302                  _CCP4CON1Hbits = 0x302
                    0x0304                  CCP4CON2L = 0x304
                    0x0304                  _CCP4CON2L = 0x304
                    0x0304                  _CCP4CON2Lbits = 0x304
                    0x0306                  CCP4CON2H = 0x306
                    0x0306                  _CCP4CON2H = 0x306
                    0x0306                  _CCP4CON2Hbits = 0x306
                    0x0308                  CCP4CON3L = 0x308
                    0x0308                  _CCP4CON3L = 0x308
                    0x030a                  CCP4CON3H = 0x30a
                    0x030a                  _CCP4CON3H = 0x30a
                    0x030a                  _CCP4CON3Hbits = 0x30a
                    0x030c                  CCP4STAT = 0x30c
                    0x030c                  _CCP4STAT = 0x30c
                    0x030c                  _CCP4STATbits = 0x30c
                    0x030c                  CCP4STATL = 0x30c
                    0x030c                  _CCP4STATL = 0x30c
                    0x030c                  _CCP4STATLbits = 0x30c
                    0x030e                  CCP4STATH = 0x30e
                    0x030e                  _CCP4STATH = 0x30e
                    0x030e                  _CCP4STATHbits = 0x30e
                    0x0310                  CCP4TMRL = 0x310
                    0x0310                  _CCP4TMRL = 0x310
                    0x0312                  CCP4TMRH = 0x312
                    0x0312                  _CCP4TMRH = 0x312
                    0x0314                  CCP4PRL = 0x314
                    0x0314                  _CCP4PRL = 0x314
                    0x0316                  CCP4PRH = 0x316
                    0x0316                  _CCP4PRH = 0x316
                    0x0318                  CCP4RA = 0x318
                    0x0318                  _CCP4RA = 0x318
                    0x0318                  CCP4RAL = 0x318
                    0x0318                  _CCP4RAL = 0x318
                    0x031a                  CCP4RAH = 0x31a
                    0x031a                  _CCP4RAH = 0x31a
                    0x031c                  CCP4RB = 0x31c
                    0x031c                  _CCP4RB = 0x31c
                    0x031c                  CCP4RBL = 0x31c
                    0x031c                  _CCP4RBL = 0x31c
                    0x031e                  CCP4RBH = 0x31e
                    0x031e                  _CCP4RBH = 0x31e
                    0x0320                  CCP4BUFL = 0x320
                    0x0320                  _CCP4BUFL = 0x320
                    0x0322                  CCP4BUFH = 0x322
                    0x0322                  _CCP4BUFH = 0x322
                    0x0324                  CCP5CON1L = 0x324
                    0x0324                  _CCP5CON1L = 0x324
                    0x0324                  _CCP5CON1Lbits = 0x324
                    0x0326                  CCP5CON1H = 0x326
                    0x0326                  _CCP5CON1H = 0x326
                    0x0326                  _CCP5CON1Hbits = 0x326
                    0x0328                  CCP5CON2L = 0x328
                    0x0328                  _CCP5CON2L = 0x328
                    0x0328                  _CCP5CON2Lbits = 0x328
                    0x032a                  CCP5CON2H = 0x32a
                    0x032a                  _CCP5CON2H = 0x32a
                    0x032a                  _CCP5CON2Hbits = 0x32a
                    0x032c                  CCP5CON3L = 0x32c
                    0x032c                  _CCP5CON3L = 0x32c
                    0x032e                  CCP5CON3H = 0x32e
                    0x032e                  _CCP5CON3H = 0x32e
                    0x032e                  _CCP5CON3Hbits = 0x32e
                    0x0330                  CCP5STAT = 0x330
                    0x0330                  _CCP5STAT = 0x330
                    0x0330                  _CCP5STATbits = 0x330
                    0x0330                  CCP5STATL = 0x330
                    0x0330                  _CCP5STATL = 0x330
                    0x0330                  _CCP5STATLbits = 0x330
                    0x0332                  CCP5STATH = 0x332
                    0x0332                  _CCP5STATH = 0x332
                    0x0332                  _CCP5STATHbits = 0x332
                    0x0334                  CCP5TMRL = 0x334
                    0x0334                  _CCP5TMRL = 0x334
                    0x0336                  CCP5TMRH = 0x336
                    0x0336                  _CCP5TMRH = 0x336
                    0x0338                  CCP5PRL = 0x338
                    0x0338                  _CCP5PRL = 0x338
                    0x033a                  CCP5PRH = 0x33a
                    0x033a                  _CCP5PRH = 0x33a
                    0x033c                  CCP5RA = 0x33c
                    0x033c                  _CCP5RA = 0x33c
                    0x033c                  CCP5RAL = 0x33c
                    0x033c                  _CCP5RAL = 0x33c
                    0x033e                  CCP5RAH = 0x33e
                    0x033e                  _CCP5RAH = 0x33e
                    0x0340                  CCP5RB = 0x340
                    0x0340                  _CCP5RB = 0x340
                    0x0340                  CCP5RBL = 0x340
                    0x0340                  _CCP5RBL = 0x340
                    0x0342                  CCP5RBH = 0x342
                    0x0342                  _CCP5RBH = 0x342
                    0x0344                  CCP5BUFL = 0x344
                    0x0344                  _CCP5BUFL = 0x344
                    0x0346                  CCP5BUFH = 0x346